2024-06-16T17:48:14.768Z ---> 80002024-06-16T17:48:14.829Z ---> 80002024-06-16T17:48:14.882Z ---> 80002024-06-16T17:48:16.027Z ---> 8000